To honour the JVM settings for this build a single-use Daemon process will be forked. For more on this, please refer to https://docs.gradle.org/9.7.1/userguide/gradle_daemon.html#sec:disabling_the_daemon in the Gradle documentation.
Daemon will be stopped at the end of the build
> Task :app:preBuild UP-TO-DATE
> Task :app:preReleaseBuild UP-TO-DATE
> Task :app:generateReleaseResources FROM-CACHE
> Task :app:packageReleaseResources FROM-CACHE
> Task :app:processReleaseNavigationResources FROM-CACHE
> Task :app:parseReleaseLocalResources FROM-CACHE
> Task :app:generateReleaseRFile FROM-CACHE
> Task :app:compileReleaseKotlin NO-SOURCE
> Task :app:javaPreCompileRelease FROM-CACHE
> Task :app:compileReleaseJavaWithJavac FROM-CACHE
> Task :app:extractProguardFiles
> Task :app:extractDeepLinksRelease FROM-CACHE
> Task :app:processReleaseMainManifest FROM-CACHE
> Task :app:generateReleaseLintReportModel
> Task :app:lintAnalyzeRelease FROM-CACHE
> Task :app:mergeReleaseJniLibFolders
> Task :app:checkReleaseDuplicateClasses
> Task :app:mapReleaseSourceSetPaths
> Task :app:compileReleaseNavigationResources FROM-CACHE
> Task :app:checkReleaseAarMetadata
> Task :app:mergeReleaseResources FROM-CACHE
> Task :app:createReleaseCompatibleScreenManifests
> Task :app:processReleaseManifest FROM-CACHE
> Task :app:processReleaseManifestForPackage FROM-CACHE
> Task :app:processReleaseResources FROM-CACHE
> Task :app:dexBuilderRelease FROM-CACHE
> Task :app:desugarReleaseFileDependencies FROM-CACHE
> Task :app:mergeReleaseStartupProfile
> Task :app:mergeExtDexRelease FROM-CACHE
> Task :app:mergeDexRelease FROM-CACHE
> Task :app:mergeReleaseNativeLibs
> Task :app:mergeReleaseArtProfile
> Task :app:mergeReleaseGlobalSynthetics FROM-CACHE
> Task :app:compileReleaseArtProfile FROM-CACHE
> Task :app:generateReleaseAssets UP-TO-DATE
> Task :app:mergeReleaseAssets
> Task :app:compressReleaseAssets FROM-CACHE
> Task :app:extractReleaseVersionControlInfo
> Task :app:generateReleaseLintVitalReportModel
> Task :app:lintVitalAnalyzeRelease FROM-CACHE
> Task :app:lintVitalReportRelease SKIPPED
> Task :app:lintVitalRelease SKIPPED
> Task :app:processReleaseJavaRes NO-SOURCE

> Task :app:stripReleaseDebugSymbols
Unable to strip the following libraries, packaging them as they are: libclearkey.so, libcrashhelper.so, libcrashtools.so, libfreebl3.so, libgkcodecs.so, liblgpllibs.so, libmozavcodec.so, libmozavutil.so, libmozglue.so, libnss3.so, libplugin-container.so, libsoftokn3.so, libxul.so. Run with --info option to learn more.

> Task :app:extractReleaseNativeSymbolTables FROM-CACHE
> Task :app:mergeReleaseNativeDebugMetadata NO-SOURCE
> Task :app:optimizeReleaseResources FROM-CACHE
> Task :app:mergeReleaseJavaResource

> Task :app:lintReportRelease
Wrote HTML report to file:///workspace/browser-web-debug-release-draft/build/app/reports/lint-results-release.html
Wrote SARIF report to file:///workspace/browser-web-debug-release-draft/build/app/reports/lint-results-release.sarif

> Task :app:collectReleaseDependencies
> Task :app:lintRelease
> Task :app:sdkReleaseDependencyData
> Task :app:validateSigningRelease
> Task :app:writeReleaseAppMetadata
> Task :app:writeReleaseSigningConfigVersions
> Task :app:packageRelease
> Task :app:createReleaseApkListingFileRedirect
> Task :app:assembleRelease

[Incubating] Problems report is available at: file:///workspace/browser-web-debug-release-draft/build/SimpleBrowserAndroid/reports/problems/problems-report.html

Deprecated Gradle features were used in this build, making it incompatible with Gradle 10.

You can use '--warning-mode all' to show the individual deprecation warnings and determine if they come from your own scripts or plugins.

For more on this, please refer to https://docs.gradle.org/9.7.1/userguide/command_line_interface.html#sec:command_line_warnings in the Gradle documentation.

BUILD SUCCESSFUL in 22s
49 actionable tasks: 24 executed, 25 from cache
Consider enabling configuration cache to speed up this build: https://docs.gradle.org/9.7.1/userguide/configuration_cache_enabling.html
